---
source: tests/files.rs
expression: serialized
---
nodes: {}
root_eclasses: []
class_data: {}

